{
  "@context": "https://w3id.org/codemeta/3.0",
  "@type": "SoftwareSourceCode",
  "name": "Example Software",
  "author": {
    "@type": "Person",
    "name": "Jane Doe"
  }
}
